[2026-05-11T14:35:04.052+0100][0.004s][info][gc,init] CardTable entry size: 512
[2026-05-11T14:35:04.053+0100][0.005s][info][gc     ] Using G1
[2026-05-11T14:35:04.056+0100][0.008s][info][gc,init] Version: 21+35-jvmci-23.1-b15 (release)
[2026-05-11T14:35:04.056+0100][0.008s][info][gc,init] CPUs: 16 total, 16 available
[2026-05-11T14:35:04.056+0100][0.008s][info][gc,init] Memory: 31507M
[2026-05-11T14:35:04.056+0100][0.008s][info][gc,init] Large Page Support: Disabled
[2026-05-11T14:35:04.056+0100][0.008s][info][gc,init] NUMA Support: Disabled
[2026-05-11T14:35:04.056+0100][0.008s][info][gc,init] Compressed Oops: Enabled (Zero based)
[2026-05-11T14:35:04.056+0100][0.008s][info][gc,init] Heap Region Size: 4M
[2026-05-11T14:35:04.056+0100][0.008s][info][gc,init] Heap Min Capacity: 8M
[2026-05-11T14:35:04.056+0100][0.008s][info][gc,init] Heap Initial Capacity: 496M
[2026-05-11T14:35:04.056+0100][0.008s][info][gc,init] Heap Max Capacity: 7880M
[2026-05-11T14:35:04.056+0100][0.008s][info][gc,init] Pre-touch: Disabled
[2026-05-11T14:35:04.056+0100][0.008s][info][gc,init] Parallel Workers: 13
[2026-05-11T14:35:04.056+0100][0.008s][info][gc,init] Concurrent Workers: 3
[2026-05-11T14:35:04.056+0100][0.008s][info][gc,init] Concurrent Refinement Workers: 13
[2026-05-11T14:35:04.056+0100][0.008s][info][gc,init] Periodic GC: Disabled
[2026-05-11T14:35:04.071+0100][0.023s][info][gc,metaspace] CDS archive(s) mapped at: [0x00007f6daf000000-0x00007f6dafc99000-0x00007f6dafc99000), size 13209600, SharedBaseAddress: 0x00007f6daf000000, ArchiveRelocationMode: 1.
[2026-05-11T14:35:04.071+0100][0.023s][info][gc,metaspace] Compressed class space mapped at: 0x00007f6db0000000-0x00007f6df0000000, reserved size: 1073741824
[2026-05-11T14:35:04.071+0100][0.023s][info][gc,metaspace] Narrow klass base: 0x00007f6daf000000, Narrow klass shift: 0, Narrow klass range: 0x100000000
[2026-05-11T14:35:04.505+0100][0.457s][info][gc,start    ] GC(0) Pause Young (Normal) (G1 Evacuation Pause)
[2026-05-11T14:35:04.507+0100][0.459s][info][gc,task     ] GC(0) Using 12 workers of 13 for evacuation
[2026-05-11T14:35:04.510+0100][0.462s][info][gc,phases   ] GC(0)   Pre Evacuate Collection Set: 0.2ms
[2026-05-11T14:35:04.510+0100][0.462s][info][gc,phases   ] GC(0)   Merge Heap Roots: 0.4ms
[2026-05-11T14:35:04.510+0100][0.462s][info][gc,phases   ] GC(0)   Evacuate Collection Set: 2.6ms
[2026-05-11T14:35:04.510+0100][0.463s][info][gc,phases   ] GC(0)   Post Evacuate Collection Set: 0.4ms
[2026-05-11T14:35:04.510+0100][0.463s][info][gc,phases   ] GC(0)   Other: 1.8ms
[2026-05-11T14:35:04.510+0100][0.463s][info][gc,heap     ] GC(0) Eden regions: 6->0(7)
[2026-05-11T14:35:04.510+0100][0.463s][info][gc,heap     ] GC(0) Survivor regions: 0->1(1)
[2026-05-11T14:35:04.510+0100][0.463s][info][gc,heap     ] GC(0) Old regions: 1->1
[2026-05-11T14:35:04.510+0100][0.463s][info][gc,heap     ] GC(0) Humongous regions: 0->0
[2026-05-11T14:35:04.510+0100][0.463s][info][gc,metaspace] GC(0) Metaspace: 9826K(10048K)->9826K(10048K) NonClass: 8836K(8960K)->8836K(8960K) Class: 989K(1088K)->989K(1088K)
[2026-05-11T14:35:04.510+0100][0.463s][info][gc          ] GC(0) Pause Young (Normal) (G1 Evacuation Pause) 24M->4M(500M) 5.644ms
[2026-05-11T14:35:04.510+0100][0.463s][info][gc,cpu      ] GC(0) User=0.03s Sys=0.00s Real=0.00s
[2026-05-11T14:35:04.584+0100][0.536s][info][gc,start    ] GC(1) Pause Young (Normal) (G1 Evacuation Pause)
[2026-05-11T14:35:04.584+0100][0.536s][info][gc,task     ] GC(1) Using 12 workers of 13 for evacuation
[2026-05-11T14:35:04.590+0100][0.542s][info][gc,phases   ] GC(1)   Pre Evacuate Collection Set: 0.3ms
[2026-05-11T14:35:04.590+0100][0.542s][info][gc,phases   ] GC(1)   Merge Heap Roots: 0.1ms
[2026-05-11T14:35:04.590+0100][0.542s][info][gc,phases   ] GC(1)   Evacuate Collection Set: 4.6ms
[2026-05-11T14:35:04.590+0100][0.542s][info][gc,phases   ] GC(1)   Post Evacuate Collection Set: 0.5ms
[2026-05-11T14:35:04.590+0100][0.542s][info][gc,phases   ] GC(1)   Other: 0.1ms
[2026-05-11T14:35:04.590+0100][0.542s][info][gc,heap     ] GC(1) Eden regions: 7->0(15)
[2026-05-11T14:35:04.590+0100][0.542s][info][gc,heap     ] GC(1) Survivor regions: 1->1(1)
[2026-05-11T14:35:04.590+0100][0.542s][info][gc,heap     ] GC(1) Old regions: 1->3
[2026-05-11T14:35:04.590+0100][0.542s][info][gc,heap     ] GC(1) Humongous regions: 0->0
[2026-05-11T14:35:04.590+0100][0.542s][info][gc,metaspace] GC(1) Metaspace: 11081K(11264K)->11081K(11264K) NonClass: 9980K(10048K)->9980K(10048K) Class: 1101K(1216K)->1101K(1216K)
[2026-05-11T14:35:04.590+0100][0.542s][info][gc          ] GC(1) Pause Young (Normal) (G1 Evacuation Pause) 32M->10M(500M) 5.939ms
[2026-05-11T14:35:04.590+0100][0.542s][info][gc,cpu      ] GC(1) User=0.04s Sys=0.01s Real=0.00s
[2026-05-11T14:35:04.648+0100][0.601s][info][gc,start    ] GC(2) Pause Young (Normal) (G1 Evacuation Pause)
[2026-05-11T14:35:04.649+0100][0.601s][info][gc,task     ] GC(2) Using 12 workers of 13 for evacuation
[2026-05-11T14:35:04.659+0100][0.611s][info][gc,phases   ] GC(2)   Pre Evacuate Collection Set: 0.5ms
[2026-05-11T14:35:04.659+0100][0.611s][info][gc,phases   ] GC(2)   Merge Heap Roots: 0.3ms
[2026-05-11T14:35:04.659+0100][0.611s][info][gc,phases   ] GC(2)   Evacuate Collection Set: 8.6ms
[2026-05-11T14:35:04.659+0100][0.611s][info][gc,phases   ] GC(2)   Post Evacuate Collection Set: 0.7ms
[2026-05-11T14:35:04.659+0100][0.611s][info][gc,phases   ] GC(2)   Other: 0.1ms
[2026-05-11T14:35:04.659+0100][0.611s][info][gc,heap     ] GC(2) Eden regions: 15->0(16)
[2026-05-11T14:35:04.659+0100][0.611s][info][gc,heap     ] GC(2) Survivor regions: 1->2(2)
[2026-05-11T14:35:04.659+0100][0.611s][info][gc,heap     ] GC(2) Old regions: 3->6
[2026-05-11T14:35:04.659+0100][0.611s][info][gc,heap     ] GC(2) Humongous regions: 0->0
[2026-05-11T14:35:04.659+0100][0.611s][info][gc,metaspace] GC(2) Metaspace: 11096K(11392K)->11096K(11392K) NonClass: 9995K(10176K)->9995K(10176K) Class: 1101K(1216K)->1101K(1216K)
[2026-05-11T14:35:04.659+0100][0.611s][info][gc          ] GC(2) Pause Young (Normal) (G1 Evacuation Pause) 70M->26M(500M) 10.549ms
[2026-05-11T14:35:04.659+0100][0.611s][info][gc,cpu      ] GC(2) User=0.08s Sys=0.02s Real=0.01s
[2026-05-11T14:35:04.694+0100][0.646s][info][gc,start    ] GC(3) Pause Young (Normal) (G1 Evacuation Pause)
[2026-05-11T14:35:04.694+0100][0.646s][info][gc,task     ] GC(3) Using 12 workers of 13 for evacuation
[2026-05-11T14:35:04.705+0100][0.657s][info][gc,phases   ] GC(3)   Pre Evacuate Collection Set: 0.4ms
[2026-05-11T14:35:04.705+0100][0.657s][info][gc,phases   ] GC(3)   Merge Heap Roots: 0.3ms
[2026-05-11T14:35:04.705+0100][0.657s][info][gc,phases   ] GC(3)   Evacuate Collection Set: 9.3ms
[2026-05-11T14:35:04.705+0100][0.657s][info][gc,phases   ] GC(3)   Post Evacuate Collection Set: 0.6ms
[2026-05-11T14:35:04.705+0100][0.657s][info][gc,phases   ] GC(3)   Other: 0.1ms
[2026-05-11T14:35:04.705+0100][0.657s][info][gc,heap     ] GC(3) Eden regions: 16->0(17)
[2026-05-11T14:35:04.705+0100][0.657s][info][gc,heap     ] GC(3) Survivor regions: 2->3(3)
[2026-05-11T14:35:04.705+0100][0.657s][info][gc,heap     ] GC(3) Old regions: 6->9
[2026-05-11T14:35:04.705+0100][0.657s][info][gc,heap     ] GC(3) Humongous regions: 1->1
[2026-05-11T14:35:04.705+0100][0.657s][info][gc,metaspace] GC(3) Metaspace: 11096K(11392K)->11096K(11392K) NonClass: 9995K(10176K)->9995K(10176K) Class: 1101K(1216K)->1101K(1216K)
[2026-05-11T14:35:04.705+0100][0.657s][info][gc          ] GC(3) Pause Young (Normal) (G1 Evacuation Pause) 94M->47M(500M) 10.938ms
[2026-05-11T14:35:04.705+0100][0.657s][info][gc,cpu      ] GC(3) User=0.09s Sys=0.03s Real=0.01s
[2026-05-11T14:35:04.730+0100][0.682s][info][gc,start    ] GC(4) Pause Young (Normal) (G1 Evacuation Pause)
[2026-05-11T14:35:04.730+0100][0.682s][info][gc,task     ] GC(4) Using 12 workers of 13 for evacuation
[2026-05-11T14:35:04.740+0100][0.693s][info][gc,phases   ] GC(4)   Pre Evacuate Collection Set: 0.5ms
[2026-05-11T14:35:04.741+0100][0.693s][info][gc,phases   ] GC(4)   Merge Heap Roots: 0.3ms
[2026-05-11T14:35:04.741+0100][0.693s][info][gc,phases   ] GC(4)   Evacuate Collection Set: 8.9ms
[2026-05-11T14:35:04.741+0100][0.693s][info][gc,phases   ] GC(4)   Post Evacuate Collection Set: 0.4ms
[2026-05-11T14:35:04.741+0100][0.693s][info][gc,phases   ] GC(4)   Other: 0.1ms
[2026-05-11T14:35:04.741+0100][0.693s][info][gc,heap     ] GC(4) Eden regions: 15->0(19)
[2026-05-11T14:35:04.741+0100][0.693s][info][gc,heap     ] GC(4) Survivor regions: 3->3(3)
[2026-05-11T14:35:04.741+0100][0.693s][info][gc,heap     ] GC(4) Old regions: 9->13
[2026-05-11T14:35:04.741+0100][0.693s][info][gc,heap     ] GC(4) Humongous regions: 1->1
[2026-05-11T14:35:04.741+0100][0.693s][info][gc,metaspace] GC(4) Metaspace: 11096K(11392K)->11096K(11392K) NonClass: 9995K(10176K)->9995K(10176K) Class: 1101K(1216K)->1101K(1216K)
[2026-05-11T14:35:04.741+0100][0.693s][info][gc          ] GC(4) Pause Young (Normal) (G1 Evacuation Pause) 107M->64M(500M) 10.588ms
[2026-05-11T14:35:04.741+0100][0.693s][info][gc,cpu      ] GC(4) User=0.10s Sys=0.01s Real=0.01s
[2026-05-11T14:35:04.787+0100][0.739s][info][gc,start    ] GC(5) Pause Young (Normal) (G1 Evacuation Pause)
[2026-05-11T14:35:04.787+0100][0.739s][info][gc,task     ] GC(5) Using 12 workers of 13 for evacuation
[2026-05-11T14:35:04.804+0100][0.756s][info][gc,phases   ] GC(5)   Pre Evacuate Collection Set: 0.5ms
[2026-05-11T14:35:04.804+0100][0.756s][info][gc,phases   ] GC(5)   Merge Heap Roots: 0.7ms
[2026-05-11T14:35:04.804+0100][0.756s][info][gc,phases   ] GC(5)   Evacuate Collection Set: 12.4ms
[2026-05-11T14:35:04.804+0100][0.756s][info][gc,phases   ] GC(5)   Post Evacuate Collection Set: 3.4ms
[2026-05-11T14:35:04.804+0100][0.756s][info][gc,phases   ] GC(5)   Other: 0.1ms
[2026-05-11T14:35:04.804+0100][0.756s][info][gc,heap     ] GC(5) Eden regions: 18->0(21)
[2026-05-11T14:35:04.804+0100][0.756s][info][gc,heap     ] GC(5) Survivor regions: 3->3(3)
[2026-05-11T14:35:04.804+0100][0.756s][info][gc,heap     ] GC(5) Old regions: 13->18
[2026-05-11T14:35:04.804+0100][0.756s][info][gc,heap     ] GC(5) Humongous regions: 3->3
[2026-05-11T14:35:04.804+0100][0.756s][info][gc,metaspace] GC(5) Metaspace: 11096K(11392K)->11096K(11392K) NonClass: 9995K(10176K)->9995K(10176K) Class: 1101K(1216K)->1101K(1216K)
[2026-05-11T14:35:04.804+0100][0.756s][info][gc          ] GC(5) Pause Young (Normal) (G1 Evacuation Pause) 144M->92M(1192M) 17.239ms
[2026-05-11T14:35:04.804+0100][0.756s][info][gc,cpu      ] GC(5) User=0.12s Sys=0.03s Real=0.02s
[2026-05-11T14:35:04.900+0100][0.853s][info][gc,start    ] GC(6) Pause Young (Normal) (G1 Evacuation Pause)
[2026-05-11T14:35:04.901+0100][0.853s][info][gc,task     ] GC(6) Using 13 workers of 13 for evacuation
[2026-05-11T14:35:04.915+0100][0.867s][info][gc,phases   ] GC(6)   Pre Evacuate Collection Set: 0.4ms
[2026-05-11T14:35:04.915+0100][0.867s][info][gc,phases   ] GC(6)   Merge Heap Roots: 0.4ms
[2026-05-11T14:35:04.915+0100][0.867s][info][gc,phases   ] GC(6)   Evacuate Collection Set: 12.5ms
[2026-05-11T14:35:04.915+0100][0.867s][info][gc,phases   ] GC(6)   Post Evacuate Collection Set: 0.4ms
[2026-05-11T14:35:04.915+0100][0.867s][info][gc,phases   ] GC(6)   Other: 0.5ms
[2026-05-11T14:35:04.915+0100][0.867s][info][gc,heap     ] GC(6) Eden regions: 21->0(28)
[2026-05-11T14:35:04.915+0100][0.867s][info][gc,heap     ] GC(6) Survivor regions: 3->3(3)
[2026-05-11T14:35:04.915+0100][0.867s][info][gc,heap     ] GC(6) Old regions: 18->24
[2026-05-11T14:35:04.915+0100][0.867s][info][gc,heap     ] GC(6) Humongous regions: 3->3
[2026-05-11T14:35:04.915+0100][0.867s][info][gc,metaspace] GC(6) Metaspace: 11096K(11392K)->11096K(11392K) NonClass: 9995K(10176K)->9995K(10176K) Class: 1101K(1216K)->1101K(1216K)
[2026-05-11T14:35:04.915+0100][0.867s][info][gc          ] GC(6) Pause Young (Normal) (G1 Evacuation Pause) 176M->116M(1192M) 14.426ms
[2026-05-11T14:35:04.915+0100][0.867s][info][gc,cpu      ] GC(6) User=0.14s Sys=0.03s Real=0.02s
[2026-05-11T14:35:04.967+0100][0.919s][info][gc,start    ] GC(7) Pause Young (Normal) (G1 Evacuation Pause)
[2026-05-11T14:35:04.967+0100][0.919s][info][gc,task     ] GC(7) Using 13 workers of 13 for evacuation
[2026-05-11T14:35:04.982+0100][0.935s][info][gc,phases   ] GC(7)   Pre Evacuate Collection Set: 0.6ms
[2026-05-11T14:35:04.982+0100][0.935s][info][gc,phases   ] GC(7)   Merge Heap Roots: 0.4ms
[2026-05-11T14:35:04.982+0100][0.935s][info][gc,phases   ] GC(7)   Evacuate Collection Set: 14.0ms
[2026-05-11T14:35:04.982+0100][0.935s][info][gc,phases   ] GC(7)   Post Evacuate Collection Set: 0.4ms
[2026-05-11T14:35:04.982+0100][0.935s][info][gc,phases   ] GC(7)   Other: 0.1ms
[2026-05-11T14:35:04.982+0100][0.935s][info][gc,heap     ] GC(7) Eden regions: 23->0(34)
[2026-05-11T14:35:04.983+0100][0.935s][info][gc,heap     ] GC(7) Survivor regions: 3->4(4)
[2026-05-11T14:35:04.983+0100][0.935s][info][gc,heap     ] GC(7) Old regions: 24->30
[2026-05-11T14:35:04.983+0100][0.935s][info][gc,heap     ] GC(7) Humongous regions: 3->3
[2026-05-11T14:35:04.983+0100][0.935s][info][gc,metaspace] GC(7) Metaspace: 11096K(11392K)->11096K(11392K) NonClass: 9995K(10176K)->9995K(10176K) Class: 1101K(1216K)->1101K(1216K)
[2026-05-11T14:35:04.983+0100][0.935s][info][gc          ] GC(7) Pause Young (Normal) (G1 Evacuation Pause) 208M->142M(1192M) 15.860ms
[2026-05-11T14:35:04.983+0100][0.935s][info][gc,cpu      ] GC(7) User=0.16s Sys=0.03s Real=0.02s
[2026-05-11T14:35:05.053+0100][1.005s][info][gc,start    ] GC(8) Pause Young (Normal) (G1 Evacuation Pause)
[2026-05-11T14:35:05.053+0100][1.005s][info][gc,task     ] GC(8) Using 13 workers of 13 for evacuation
[2026-05-11T14:35:05.069+0100][1.021s][info][gc,phases   ] GC(8)   Pre Evacuate Collection Set: 0.2ms
[2026-05-11T14:35:05.069+0100][1.021s][info][gc,phases   ] GC(8)   Merge Heap Roots: 1.0ms
[2026-05-11T14:35:05.069+0100][1.021s][info][gc,phases   ] GC(8)   Evacuate Collection Set: 13.5ms
[2026-05-11T14:35:05.069+0100][1.021s][info][gc,phases   ] GC(8)   Post Evacuate Collection Set: 0.7ms
[2026-05-11T14:35:05.069+0100][1.021s][info][gc,phases   ] GC(8)   Other: 0.1ms
[2026-05-11T14:35:05.069+0100][1.021s][info][gc,heap     ] GC(8) Eden regions: 17->0(39)
[2026-05-11T14:35:05.069+0100][1.021s][info][gc,heap     ] GC(8) Survivor regions: 4->3(3)
[2026-05-11T14:35:05.069+0100][1.021s][info][gc,heap     ] GC(8) Old regions: 30->36
[2026-05-11T14:35:05.069+0100][1.021s][info][gc,heap     ] GC(8) Humongous regions: 6->6
[2026-05-11T14:35:05.069+0100][1.021s][info][gc,metaspace] GC(8) Metaspace: 11096K(11392K)->11096K(11392K) NonClass: 9995K(10176K)->9995K(10176K) Class: 1101K(1216K)->1101K(1216K)
[2026-05-11T14:35:05.069+0100][1.021s][info][gc          ] GC(8) Pause Young (Normal) (G1 Evacuation Pause) 222M->174M(1192M) 15.806ms
[2026-05-11T14:35:05.069+0100][1.021s][info][gc,cpu      ] GC(8) User=0.16s Sys=0.01s Real=0.01s
[2026-05-11T14:35:05.241+0100][1.193s][info][gc,start    ] GC(9) Pause Young (Normal) (G1 Evacuation Pause)
[2026-05-11T14:35:05.241+0100][1.193s][info][gc,task     ] GC(9) Using 13 workers of 13 for evacuation
[2026-05-11T14:35:05.261+0100][1.213s][info][gc,phases   ] GC(9)   Pre Evacuate Collection Set: 0.5ms
[2026-05-11T14:35:05.261+0100][1.213s][info][gc,phases   ] GC(9)   Merge Heap Roots: 0.5ms
[2026-05-11T14:35:05.261+0100][1.213s][info][gc,phases   ] GC(9)   Evacuate Collection Set: 12.4ms
[2026-05-11T14:35:05.261+0100][1.213s][info][gc,phases   ] GC(9)   Post Evacuate Collection Set: 6.7ms
[2026-05-11T14:35:05.261+0100][1.213s][info][gc,phases   ] GC(9)   Other: 0.1ms
[2026-05-11T14:35:05.261+0100][1.213s][info][gc,heap     ] GC(9) Eden regions: 51->0(60)
[2026-05-11T14:35:05.261+0100][1.213s][info][gc,heap     ] GC(9) Survivor regions: 3->7(7)
[2026-05-11T14:35:05.261+0100][1.213s][info][gc,heap     ] GC(9) Old regions: 36->37
[2026-05-11T14:35:05.261+0100][1.213s][info][gc,heap     ] GC(9) Humongous regions: 6->6
[2026-05-11T14:35:05.261+0100][1.213s][info][gc,metaspace] GC(9) Metaspace: 11099K(11392K)->11099K(11392K) NonClass: 9998K(10176K)->9998K(10176K) Class: 1101K(1216K)->1101K(1216K)
[2026-05-11T14:35:05.261+0100][1.214s][info][gc          ] GC(9) Pause Young (Normal) (G1 Evacuation Pause) 378M->196M(2856M) 20.448ms
[2026-05-11T14:35:05.261+0100][1.214s][info][gc,cpu      ] GC(9) User=0.13s Sys=0.03s Real=0.02s
[2026-05-11T14:35:05.591+0100][1.543s][info][gc,start    ] GC(10) Pause Young (Normal) (G1 Evacuation Pause)
[2026-05-11T14:35:05.591+0100][1.543s][info][gc,task     ] GC(10) Using 13 workers of 13 for evacuation
[2026-05-11T14:35:05.601+0100][1.553s][info][gc,phases   ] GC(10)   Pre Evacuate Collection Set: 0.4ms
[2026-05-11T14:35:05.601+0100][1.553s][info][gc,phases   ] GC(10)   Merge Heap Roots: 0.4ms
[2026-05-11T14:35:05.601+0100][1.553s][info][gc,phases   ] GC(10)   Evacuate Collection Set: 8.4ms
[2026-05-11T14:35:05.601+0100][1.553s][info][gc,phases   ] GC(10)   Post Evacuate Collection Set: 0.6ms
[2026-05-11T14:35:05.601+0100][1.553s][info][gc,phases   ] GC(10)   Other: 0.2ms
[2026-05-11T14:35:05.601+0100][1.553s][info][gc,heap     ] GC(10) Eden regions: 69->0(423)
[2026-05-11T14:35:05.601+0100][1.553s][info][gc,heap     ] GC(10) Survivor regions: 7->5(10)
[2026-05-11T14:35:05.601+0100][1.553s][info][gc,heap     ] GC(10) Old regions: 37->41
[2026-05-11T14:35:05.601+0100][1.553s][info][gc,heap     ] GC(10) Humongous regions: 6->6
[2026-05-11T14:35:05.601+0100][1.553s][info][gc,metaspace] GC(10) Metaspace: 11099K(11392K)->11099K(11392K) NonClass: 9998K(10176K)->9998K(10176K) Class: 1101K(1216K)->1101K(1216K)
[2026-05-11T14:35:05.601+0100][1.553s][info][gc          ] GC(10) Pause Young (Normal) (G1 Evacuation Pause) 472M->200M(2856M) 10.294ms
[2026-05-11T14:35:05.601+0100][1.553s][info][gc,cpu      ] GC(10) User=0.09s Sys=0.02s Real=0.01s
[2026-05-11T14:35:46.374+0100][42.326s][info][gc,heap,exit] Heap
[2026-05-11T14:35:46.374+0100][42.327s][info][gc,heap,exit]  garbage-first heap   total 2924544K, used 1855729K [0x0000000613800000, 0x0000000800000000)
[2026-05-11T14:35:46.374+0100][42.327s][info][gc,heap,exit]   region size 4096K, 402 young (1646592K), 5 survivors (20480K)
[2026-05-11T14:35:46.374+0100][42.327s][info][gc,heap,exit]  Metaspace       used 12204K, committed 12416K, reserved 1114112K
[2026-05-11T14:35:46.374+0100][42.327s][info][gc,heap,exit]   class space    used 1203K, committed 1280K, reserved 1048576K
